// Jest Snapshot v1, https://goo.gl/fbAQLP

exports[`Counter Snapshot inicial 1`] = `
<h2
  role="counter"
>
  Counter: 
  0
</h2>
`;
